> install.packages("ggplot2")
Error in install.packages : Updating loaded packages
> x <- rnorm(100,mean = 0, sd = 1)
> x
  [1]  0.52283130 -0.54335326  0.48401751  0.44138069 -0.05464533 -1.85477968
  [7] -0.93669803 -0.41622713  1.13319654  0.85115436  0.33191436  2.14334779
 [13] -1.10374532 -1.21952091 -0.10524452  0.95812557  1.07666639  0.18091667
 [19]  0.66300250  0.41651367 -0.87731301  1.49403265 -0.79951004 -1.25827887
 [25]  2.19147665 -0.31782196  1.43125421  0.67753645 -0.47235472  0.13067007
 [31] -0.47193272 -0.25814216 -0.32780596 -0.89118294  0.53467991 -0.22957669
 [37]  1.21264220 -1.06640870  0.64130168 -0.45906157 -1.26453912 -0.12142542
 [43] -0.85953251 -1.31029116  0.46410606  1.43584666 -0.06359026  0.76229100
 [49]  1.02715534 -0.57464183  0.04732218  0.53100008  0.59227593  0.44720588
 [55] -0.71035448  0.03175679  0.12363578 -0.63374591  0.43913567  0.65820031
 [61] -0.57279735 -0.67525434 -1.26689191  1.44814700 -0.36651788 -1.21868716
 [67]  0.83540002  1.19325491 -0.64455570 -1.29063294  1.35350481  1.71124592
 [73] -0.17426027  0.47730601 -0.14537308  0.08973920 -0.43962706  0.50445209
 [79] -0.46583970 -0.12838067 -0.77839068  0.66343256 -0.72808538 -1.12309422
 [85] -1.47131999 -0.66590824 -1.97159391 -0.61750540  0.94557424 -0.24217695
 [91] -0.48121522  0.37470352 -1.22554120  1.76808680 -1.12441364  1.83309236
 [97]  0.13352031  0.46441804  0.82556024  0.70371724
> boxplot(x)
> 
> library(ggplot2)
Warning message:
package ‘ggplot2’ was built under R version 4.0.3 
> y <- rnorm(100)
> y
  [1] -0.33177636  0.56100995 -0.69446443  0.08911877 -0.26538605  1.76569973
  [7] -1.72527600 -0.84383452 -0.42228333 -0.76019980  0.15963154  2.28141978
 [13]  0.75048396 -0.13594078 -0.47453048  2.15467738 -0.97934277 -1.30080062
 [19]  0.63273735  0.17542228 -1.33530472  0.99878899  0.07420554  0.10730297
 [25] -0.51335825  0.56024553 -0.46943379  1.01209789  0.53946684  1.35074250
 [31]  1.35769333  0.64130905 -0.95802508 -0.90990486  1.38573124  0.08011375
 [37] -0.70536339  0.68619925  0.96179188 -1.54975292  1.11540738  2.49390903
 [43] -0.43578657 -0.78669445  1.57773756 -0.57084723  1.06999009 -0.69232805
 [49] -0.13984417  0.54594716 -1.57233310  0.20848463  0.25742565 -0.42943118
 [55]  0.84864734 -0.07106302  0.93104408 -1.56880596 -0.57038069  1.95176416
 [61] -0.72376861  0.80289952 -0.06966955  0.14317001  0.83849276 -0.66423316
 [67] -0.68995079  0.60248308  2.62646574 -0.57998176 -1.21103236  0.67200420
 [73] -1.87100110 -0.82088991 -1.00844199 -0.96742361  0.07857747  0.89963752
 [79]  0.36794650 -0.64169387  1.50180301 -0.21102676 -0.45937371  1.75201223
 [85] -1.54922176 -1.14460009  0.12467645  1.70789874 -0.78492466  0.87544244
 [91]  0.39409237 -1.06601930 -0.98437008  1.15122463 -1.19445079  0.55392620
 [97] -0.58672868 -0.57233200  0.03471496  0.18260864
> dat <- data.frame(cbind(x,y))
> dat
              x           y
1    0.52283130 -0.33177636
2   -0.54335326  0.56100995
3    0.48401751 -0.69446443
4    0.44138069  0.08911877
5   -0.05464533 -0.26538605
6   -1.85477968  1.76569973
7   -0.93669803 -1.72527600
8   -0.41622713 -0.84383452
9    1.13319654 -0.42228333
10   0.85115436 -0.76019980
11   0.33191436  0.15963154
12   2.14334779  2.28141978
13  -1.10374532  0.75048396
14  -1.21952091 -0.13594078
15  -0.10524452 -0.47453048
16   0.95812557  2.15467738
17   1.07666639 -0.97934277
18   0.18091667 -1.30080062
19   0.66300250  0.63273735
20   0.41651367  0.17542228
21  -0.87731301 -1.33530472
22   1.49403265  0.99878899
23  -0.79951004  0.07420554
24  -1.25827887  0.10730297
25   2.19147665 -0.51335825
26  -0.31782196  0.56024553
27   1.43125421 -0.46943379
28   0.67753645  1.01209789
29  -0.47235472  0.53946684
30   0.13067007  1.35074250
31  -0.47193272  1.35769333
32  -0.25814216  0.64130905
33  -0.32780596 -0.95802508
34  -0.89118294 -0.90990486
35   0.53467991  1.38573124
36  -0.22957669  0.08011375
37   1.21264220 -0.70536339
38  -1.06640870  0.68619925
39   0.64130168  0.96179188
40  -0.45906157 -1.54975292
41  -1.26453912  1.11540738
42  -0.12142542  2.49390903
43  -0.85953251 -0.43578657
44  -1.31029116 -0.78669445
45   0.46410606  1.57773756
46   1.43584666 -0.57084723
47  -0.06359026  1.06999009
48   0.76229100 -0.69232805
49   1.02715534 -0.13984417
50  -0.57464183  0.54594716
51   0.04732218 -1.57233310
52   0.53100008  0.20848463
53   0.59227593  0.25742565
54   0.44720588 -0.42943118
55  -0.71035448  0.84864734
56   0.03175679 -0.07106302
57   0.12363578  0.93104408
58  -0.63374591 -1.56880596
59   0.43913567 -0.57038069
60   0.65820031  1.95176416
61  -0.57279735 -0.72376861
62  -0.67525434  0.80289952
63  -1.26689191 -0.06966955
64   1.44814700  0.14317001
65  -0.36651788  0.83849276
66  -1.21868716 -0.66423316
67   0.83540002 -0.68995079
68   1.19325491  0.60248308
69  -0.64455570  2.62646574
70  -1.29063294 -0.57998176
71   1.35350481 -1.21103236
72   1.71124592  0.67200420
73  -0.17426027 -1.87100110
74   0.47730601 -0.82088991
75  -0.14537308 -1.00844199
76   0.08973920 -0.96742361
77  -0.43962706  0.07857747
78   0.50445209  0.89963752
79  -0.46583970  0.36794650
80  -0.12838067 -0.64169387
81  -0.77839068  1.50180301
82   0.66343256 -0.21102676
83  -0.72808538 -0.45937371
84  -1.12309422  1.75201223
85  -1.47131999 -1.54922176
86  -0.66590824 -1.14460009
87  -1.97159391  0.12467645
88  -0.61750540  1.70789874
89   0.94557424 -0.78492466
90  -0.24217695  0.87544244
91  -0.48121522  0.39409237
92   0.37470352 -1.06601930
93  -1.22554120 -0.98437008
94   1.76808680  1.15122463
95  -1.12441364 -1.19445079
96   1.83309236  0.55392620
97   0.13352031 -0.58672868
98   0.46441804 -0.57233200
99   0.82556024  0.03471496
100  0.70371724  0.18260864
> boxplot(dat$x,dat$y,names = c('x','y'),xlab= 'x axis',ylab = 'y axis',col = "blue")
> ggplot()+geom_point(data=dat,aes(x=x,y=y),size=3,color="blue")+ggtitle("Scatter Plot")+xlab("x-axis")+ylab("y-axis")
